[     841ms] [INFO] %cDownload the React DevTools for a better development experience: https://react.dev/link/react-devtools font-weight:bold @ http://localhost:3000/_next/static/chunks/0mvo_next_dist_0pk4n_j._.js:776
[     958ms] [LOG] [HMR] connected @ http://localhost:3000/_next/static/chunks/0mvo_next_dist_0pk4n_j._.js:776
[   16089ms] [ERROR] Failed to load resource: the server responded with a status of 500 (Internal Server Error) @ http://localhost:3000/login:0
[   16114ms] [ERROR] %o

%s Error: Invalid public environment configuration:
  - NEXT_PUBLIC_SUPABASE_URL: Invalid input: expected string, received undefined
  - NEXT_PUBLIC_SUPABASE_PUBLISHABLE_KEY: Invalid input: expected string, received undefined
Copy .env.example to .env.local and fill in the Supabase values.
    at clientEnv (about://React/Server/C:%5CUsers%5CYELLOW%20STAR%5CDocuments%5CbizSakhee%5C.next%5Cdev%5Cserver%5Cchunks%5Cssr%5C_1kyw375._.js?39:355:15)
    at createClient (about://React/Server/C:%5CUsers%5CYELLOW%20STAR%5CDocuments%5CbizSakhee%5C.next%5Cdev%5Cserver%5Cchunks%5Cssr%5C_1kyw375._.js?40:583:141)
    at  signInAction (about://React/Server/C:%5CUsers%5CYELLOW%20STAR%5CDocuments%5CbizSakhee%5C.next%5Cdev%5Cserver%5Cchunks%5Cssr%5C_1kyw375._.js?41:123:22)
    at resolveErrorDev (http://localhost:3000/_next/static/chunks/0mvo_next_dist_compiled_react-server-dom-turbopack_1twu3zd._.js:1937:105)
    at processFullStringRow (http://localhost:3000/_next/static/chunks/0mvo_next_dist_compiled_react-server-dom-turbopack_1twu3zd._.js:2456:29)
    at processFullBinaryRow (http://localhost:3000/_next/static/chunks/0mvo_next_dist_compiled_react-server-dom-turbopack_1twu3zd._.js:2415:9)
    at processBinaryChunk (http://localhost:3000/_next/static/chunks/0mvo_next_dist_compiled_react-server-dom-turbopack_1twu3zd._.js:2524:221)
    at progress (http://localhost:3000/_next/static/chunks/0mvo_next_dist_compiled_react-server-dom-turbopack_1twu3zd._.js:2711:13) The above error occurred in the <LoginForm> component. It was handled by the <ErrorBoundaryHandler> error boundary. @ http://localhost:3000/_next/static/chunks/0mvo_next_dist_client_0a8y4uv._.js:17359
[   16121ms] [ERROR] {"level":"error","message":"client_error_boundary","digest":"3850030654","time":"2026-08-13T18:10:17.979Z"} @ http://localhost:3000/_next/static/chunks/0mvo_next_dist_0pk4n_j._.js:1052
[   16123ms] [ERROR] {"level":"error","message":"client_error_boundary","digest":"3850030654","time":"2026-08-13T18:10:17.983Z"} @ http://localhost:3000/_next/static/chunks/0mvo_next_dist_0pk4n_j._.js:1052
[   67643ms] [LOG] [Fast Refresh] rebuilding @ http://localhost:3000/_next/static/chunks/0mvo_next_dist_0pk4n_j._.js:776
[   67708ms] [LOG] [Fast Refresh] done in 140ms @ http://localhost:3000/_next/static/chunks/0mvo_next_dist_0pk4n_j._.js:776
[   67765ms] [LOG] [Fast Refresh] done in 140ms @ http://localhost:3000/_next/static/chunks/0mvo_next_dist_0pk4n_j._.js:776
[   67829ms] [LOG] [Fast Refresh] done in 140ms @ http://localhost:3000/_next/static/chunks/0mvo_next_dist_0pk4n_j._.js:776
[   67877ms] [LOG] [Fast Refresh] done in 140ms @ http://localhost:3000/_next/static/chunks/0mvo_next_dist_0pk4n_j._.js:776
[   67941ms] [LOG] [Fast Refresh] done in 140ms @ http://localhost:3000/_next/static/chunks/0mvo_next_dist_0pk4n_j._.js:776
[   68004ms] [LOG] [Fast Refresh] done in 140ms @ http://localhost:3000/_next/static/chunks/0mvo_next_dist_0pk4n_j._.js:776
[   68067ms] [LOG] [Fast Refresh] done in 140ms @ http://localhost:3000/_next/static/chunks/0mvo_next_dist_0pk4n_j._.js:776
[   68130ms] [LOG] [Fast Refresh] done in 140ms @ http://localhost:3000/_next/static/chunks/0mvo_next_dist_0pk4n_j._.js:776
[   68194ms] [LOG] [Fast Refresh] done in 140ms @ http://localhost:3000/_next/static/chunks/0mvo_next_dist_0pk4n_j._.js:776
[   68251ms] [LOG] [Fast Refresh] done in 140ms @ http://localhost:3000/_next/static/chunks/0mvo_next_dist_0pk4n_j._.js:776
[   68312ms] [LOG] [Fast Refresh] done in 140ms @ http://localhost:3000/_next/static/chunks/0mvo_next_dist_0pk4n_j._.js:776
[   68376ms] [LOG] [Fast Refresh] done in 140ms @ http://localhost:3000/_next/static/chunks/0mvo_next_dist_0pk4n_j._.js:776
[   68433ms] [LOG] [Fast Refresh] done in 140ms @ http://localhost:3000/_next/static/chunks/0mvo_next_dist_0pk4n_j._.js:776
[   68493ms] [LOG] [Fast Refresh] done in 140ms @ http://localhost:3000/_next/static/chunks/0mvo_next_dist_0pk4n_j._.js:776
[   68551ms] [LOG] [Fast Refresh] done in 140ms @ http://localhost:3000/_next/static/chunks/0mvo_next_dist_0pk4n_j._.js:776
[   68612ms] [LOG] [Fast Refresh] done in 140ms @ http://localhost:3000/_next/static/chunks/0mvo_next_dist_0pk4n_j._.js:776
[   68676ms] [LOG] [Fast Refresh] done in 140ms @ http://localhost:3000/_next/static/chunks/0mvo_next_dist_0pk4n_j._.js:776
[   68724ms] [LOG] [Fast Refresh] done in 140ms @ http://localhost:3000/_next/static/chunks/0mvo_next_dist_0pk4n_j._.js:776
[   68780ms] [LOG] [Fast Refresh] done in 140ms @ http://localhost:3000/_next/static/chunks/0mvo_next_dist_0pk4n_j._.js:776
[   68844ms] [LOG] [Fast Refresh] done in 140ms @ http://localhost:3000/_next/static/chunks/0mvo_next_dist_0pk4n_j._.js:776
[   68900ms] [LOG] [Fast Refresh] done in 140ms @ http://localhost:3000/_next/static/chunks/0mvo_next_dist_0pk4n_j._.js:776
[   68962ms] [LOG] [Fast Refresh] done in 140ms @ http://localhost:3000/_next/static/chunks/0mvo_next_dist_0pk4n_j._.js:776
[   69026ms] [LOG] [Fast Refresh] done in 140ms @ http://localhost:3000/_next/static/chunks/0mvo_next_dist_0pk4n_j._.js:776
[   69074ms] [LOG] [Fast Refresh] done in 140ms @ http://localhost:3000/_next/static/chunks/0mvo_next_dist_0pk4n_j._.js:776
[   69127ms] [LOG] [Fast Refresh] done in 140ms @ http://localhost:3000/_next/static/chunks/0mvo_next_dist_0pk4n_j._.js:776
[   69191ms] [LOG] [Fast Refresh] done in 140ms @ http://localhost:3000/_next/static/chunks/0mvo_next_dist_0pk4n_j._.js:776
[   69253ms] [LOG] [Fast Refresh] done in 140ms @ http://localhost:3000/_next/static/chunks/0mvo_next_dist_0pk4n_j._.js:776
[   69317ms] [LOG] [Fast Refresh] done in 140ms @ http://localhost:3000/_next/static/chunks/0mvo_next_dist_0pk4n_j._.js:776
[   69381ms] [LOG] [Fast Refresh] done in 140ms @ http://localhost:3000/_next/static/chunks/0mvo_next_dist_0pk4n_j._.js:776
[   69444ms] [LOG] [Fast Refresh] done in 140ms @ http://localhost:3000/_next/static/chunks/0mvo_next_dist_0pk4n_j._.js:776
[   69508ms] [LOG] [Fast Refresh] done in 140ms @ http://localhost:3000/_next/static/chunks/0mvo_next_dist_0pk4n_j._.js:776
[   69572ms] [LOG] [Fast Refresh] done in 140ms @ http://localhost:3000/_next/static/chunks/0mvo_next_dist_0pk4n_j._.js:776
[   69636ms] [LOG] [Fast Refresh] done in 140ms @ http://localhost:3000/_next/static/chunks/0mvo_next_dist_0pk4n_j._.js:776
[   69699ms] [LOG] [Fast Refresh] done in 140ms @ http://localhost:3000/_next/static/chunks/0mvo_next_dist_0pk4n_j._.js:776
[   69763ms] [LOG] [Fast Refresh] done in 140ms @ http://localhost:3000/_next/static/chunks/0mvo_next_dist_0pk4n_j._.js:776
[   69826ms] [LOG] [Fast Refresh] done in 140ms @ http://localhost:3000/_next/static/chunks/0mvo_next_dist_0pk4n_j._.js:776
[   69891ms] [LOG] [Fast Refresh] done in 140ms @ http://localhost:3000/_next/static/chunks/0mvo_next_dist_0pk4n_j._.js:776
[   69955ms] [LOG] [Fast Refresh] done in 140ms @ http://localhost:3000/_next/static/chunks/0mvo_next_dist_0pk4n_j._.js:776
[   70019ms] [LOG] [Fast Refresh] done in 140ms @ http://localhost:3000/_next/static/chunks/0mvo_next_dist_0pk4n_j._.js:776
[   70084ms] [LOG] [Fast Refresh] done in 140ms @ http://localhost:3000/_next/static/chunks/0mvo_next_dist_0pk4n_j._.js:776
[   70147ms] [LOG] [Fast Refresh] done in 140ms @ http://localhost:3000/_next/static/chunks/0mvo_next_dist_0pk4n_j._.js:776
[   70212ms] [LOG] [Fast Refresh] done in 140ms @ http://localhost:3000/_next/static/chunks/0mvo_next_dist_0pk4n_j._.js:776
[   70276ms] [LOG] [Fast Refresh] done in 140ms @ http://localhost:3000/_next/static/chunks/0mvo_next_dist_0pk4n_j._.js:776
[   70340ms] [LOG] [Fast Refresh] done in 140ms @ http://localhost:3000/_next/static/chunks/0mvo_next_dist_0pk4n_j._.js:776
[   70404ms] [LOG] [Fast Refresh] done in 140ms @ http://localhost:3000/_next/static/chunks/0mvo_next_dist_0pk4n_j._.js:776
[   70468ms] [LOG] [Fast Refresh] done in 140ms @ http://localhost:3000/_next/static/chunks/0mvo_next_dist_0pk4n_j._.js:776
[   70532ms] [LOG] [Fast Refresh] done in 140ms @ http://localhost:3000/_next/static/chunks/0mvo_next_dist_0pk4n_j._.js:776
[   70596ms] [LOG] [Fast Refresh] done in 140ms @ http://localhost:3000/_next/static/chunks/0mvo_next_dist_0pk4n_j._.js:776
[   70661ms] [LOG] [Fast Refresh] done in 140ms @ http://localhost:3000/_next/static/chunks/0mvo_next_dist_0pk4n_j._.js:776
[   70724ms] [LOG] [Fast Refresh] done in 140ms @ http://localhost:3000/_next/static/chunks/0mvo_next_dist_0pk4n_j._.js:776
[   70788ms] [LOG] [Fast Refresh] done in 140ms @ http://localhost:3000/_next/static/chunks/0mvo_next_dist_0pk4n_j._.js:776
[   70852ms] [LOG] [Fast Refresh] done in 140ms @ http://localhost:3000/_next/static/chunks/0mvo_next_dist_0pk4n_j._.js:776
[   70916ms] [LOG] [Fast Refresh] done in 140ms @ http://localhost:3000/_next/static/chunks/0mvo_next_dist_0pk4n_j._.js:776
[   70980ms] [LOG] [Fast Refresh] done in 140ms @ http://localhost:3000/_next/static/chunks/0mvo_next_dist_0pk4n_j._.js:776
[   71044ms] [LOG] [Fast Refresh] done in 140ms @ http://localhost:3000/_next/static/chunks/0mvo_next_dist_0pk4n_j._.js:776
[   71108ms] [LOG] [Fast Refresh] done in 140ms @ http://localhost:3000/_next/static/chunks/0mvo_next_dist_0pk4n_j._.js:776
[   71172ms] [LOG] [Fast Refresh] done in 140ms @ http://localhost:3000/_next/static/chunks/0mvo_next_dist_0pk4n_j._.js:776
[   71236ms] [LOG] [Fast Refresh] done in 140ms @ http://localhost:3000/_next/static/chunks/0mvo_next_dist_0pk4n_j._.js:776
[   71300ms] [LOG] [Fast Refresh] done in 140ms @ http://localhost:3000/_next/static/chunks/0mvo_next_dist_0pk4n_j._.js:776
[   71364ms] [LOG] [Fast Refresh] done in 140ms @ http://localhost:3000/_next/static/chunks/0mvo_next_dist_0pk4n_j._.js:776
[   71428ms] [LOG] [Fast Refresh] done in 140ms @ http://localhost:3000/_next/static/chunks/0mvo_next_dist_0pk4n_j._.js:776
[   71493ms] [LOG] [Fast Refresh] done in 140ms @ http://localhost:3000/_next/static/chunks/0mvo_next_dist_0pk4n_j._.js:776
[   71557ms] [LOG] [Fast Refresh] done in 140ms @ http://localhost:3000/_next/static/chunks/0mvo_next_dist_0pk4n_j._.js:776
[   71621ms] [LOG] [Fast Refresh] done in 140ms @ http://localhost:3000/_next/static/chunks/0mvo_next_dist_0pk4n_j._.js:776
[   71685ms] [LOG] [Fast Refresh] done in 140ms @ http://localhost:3000/_next/static/chunks/0mvo_next_dist_0pk4n_j._.js:776
[   71749ms] [LOG] [Fast Refresh] done in 140ms @ http://localhost:3000/_next/static/chunks/0mvo_next_dist_0pk4n_j._.js:776
[   71814ms] [LOG] [Fast Refresh] done in 140ms @ http://localhost:3000/_next/static/chunks/0mvo_next_dist_0pk4n_j._.js:776
[   71877ms] [LOG] [Fast Refresh] done in 140ms @ http://localhost:3000/_next/static/chunks/0mvo_next_dist_0pk4n_j._.js:776
[   71943ms] [LOG] [Fast Refresh] done in 140ms @ http://localhost:3000/_next/static/chunks/0mvo_next_dist_0pk4n_j._.js:776
[   72004ms] [LOG] [Fast Refresh] done in 140ms @ http://localhost:3000/_next/static/chunks/0mvo_next_dist_0pk4n_j._.js:776
[   72069ms] [LOG] [Fast Refresh] done in 140ms @ http://localhost:3000/_next/static/chunks/0mvo_next_dist_0pk4n_j._.js:776
[   72133ms] [LOG] [Fast Refresh] done in 140ms @ http://localhost:3000/_next/static/chunks/0mvo_next_dist_0pk4n_j._.js:776
[   72197ms] [LOG] [Fast Refresh] done in 140ms @ http://localhost:3000/_next/static/chunks/0mvo_next_dist_0pk4n_j._.js:776
[   72262ms] [LOG] [Fast Refresh] done in 140ms @ http://localhost:3000/_next/static/chunks/0mvo_next_dist_0pk4n_j._.js:776
[   72325ms] [LOG] [Fast Refresh] done in 140ms @ http://localhost:3000/_next/static/chunks/0mvo_next_dist_0pk4n_j._.js:776
[   72373ms] [LOG] [Fast Refresh] done in 140ms @ http://localhost:3000/_next/static/chunks/0mvo_next_dist_0pk4n_j._.js:776
[   72438ms] [LOG] [Fast Refresh] done in 140ms @ http://localhost:3000/_next/static/chunks/0mvo_next_dist_0pk4n_j._.js:776
[   72502ms] [LOG] [Fast Refresh] done in 140ms @ http://localhost:3000/_next/static/chunks/0mvo_next_dist_0pk4n_j._.js:776
[   72566ms] [LOG] [Fast Refresh] done in 140ms @ http://localhost:3000/_next/static/chunks/0mvo_next_dist_0pk4n_j._.js:776
[   72630ms] [LOG] [Fast Refresh] done in 140ms @ http://localhost:3000/_next/static/chunks/0mvo_next_dist_0pk4n_j._.js:776
[   72695ms] [LOG] [Fast Refresh] done in 140ms @ http://localhost:3000/_next/static/chunks/0mvo_next_dist_0pk4n_j._.js:776
[   72759ms] [LOG] [Fast Refresh] done in 140ms @ http://localhost:3000/_next/static/chunks/0mvo_next_dist_0pk4n_j._.js:776
[   72823ms] [LOG] [Fast Refresh] done in 140ms @ http://localhost:3000/_next/static/chunks/0mvo_next_dist_0pk4n_j._.js:776
[   72887ms] [LOG] [Fast Refresh] done in 140ms @ http://localhost:3000/_next/static/chunks/0mvo_next_dist_0pk4n_j._.js:776
[   72952ms] [LOG] [Fast Refresh] done in 140ms @ http://localhost:3000/_next/static/chunks/0mvo_next_dist_0pk4n_j._.js:776
[   73016ms] [LOG] [Fast Refresh] done in 140ms @ http://localhost:3000/_next/static/chunks/0mvo_next_dist_0pk4n_j._.js:776
[   73080ms] [LOG] [Fast Refresh] done in 140ms @ http://localhost:3000/_next/static/chunks/0mvo_next_dist_0pk4n_j._.js:776
[   73128ms] [LOG] [Fast Refresh] done in 140ms @ http://localhost:3000/_next/static/chunks/0mvo_next_dist_0pk4n_j._.js:776
[   73193ms] [LOG] [Fast Refresh] done in 140ms @ http://localhost:3000/_next/static/chunks/0mvo_next_dist_0pk4n_j._.js:776
[   73257ms] [LOG] [Fast Refresh] done in 140ms @ http://localhost:3000/_next/static/chunks/0mvo_next_dist_0pk4n_j._.js:776
[   73321ms] [LOG] [Fast Refresh] done in 140ms @ http://localhost:3000/_next/static/chunks/0mvo_next_dist_0pk4n_j._.js:776
[   73385ms] [LOG] [Fast Refresh] done in 140ms @ http://localhost:3000/_next/static/chunks/0mvo_next_dist_0pk4n_j._.js:776
[   73450ms] [LOG] [Fast Refresh] done in 140ms @ http://localhost:3000/_next/static/chunks/0mvo_next_dist_0pk4n_j._.js:776
[   73514ms] [LOG] [Fast Refresh] done in 140ms @ http://localhost:3000/_next/static/chunks/0mvo_next_dist_0pk4n_j._.js:776
[   73578ms] [LOG] [Fast Refresh] done in 140ms @ http://localhost:3000/_next/static/chunks/0mvo_next_dist_0pk4n_j._.js:776
[   73642ms] [LOG] [Fast Refresh] done in 140ms @ http://localhost:3000/_next/static/chunks/0mvo_next_dist_0pk4n_j._.js:776
[   73707ms] [LOG] [Fast Refresh] done in 140ms @ http://localhost:3000/_next/static/chunks/0mvo_next_dist_0pk4n_j._.js:776
[   73771ms] [LOG] [Fast Refresh] done in 140ms @ http://localhost:3000/_next/static/chunks/0mvo_next_dist_0pk4n_j._.js:776
[   73835ms] [LOG] [Fast Refresh] done in 140ms @ http://localhost:3000/_next/static/chunks/0mvo_next_dist_0pk4n_j._.js:776
[   73900ms] [LOG] [Fast Refresh] done in 140ms @ http://localhost:3000/_next/static/chunks/0mvo_next_dist_0pk4n_j._.js:776
[   73964ms] [LOG] [Fast Refresh] done in 140ms @ http://localhost:3000/_next/static/chunks/0mvo_next_dist_0pk4n_j._.js:776
[   74028ms] [LOG] [Fast Refresh] done in 140ms @ http://localhost:3000/_next/static/chunks/0mvo_next_dist_0pk4n_j._.js:776
[   74091ms] [LOG] [Fast Refresh] done in 140ms @ http://localhost:3000/_next/static/chunks/0mvo_next_dist_0pk4n_j._.js:776
[   74156ms] [LOG] [Fast Refresh] done in 140ms @ http://localhost:3000/_next/static/chunks/0mvo_next_dist_0pk4n_j._.js:776
[   74220ms] [LOG] [Fast Refresh] done in 140ms @ http://localhost:3000/_next/static/chunks/0mvo_next_dist_0pk4n_j._.js:776
[   74285ms] [LOG] [Fast Refresh] done in 140ms @ http://localhost:3000/_next/static/chunks/0mvo_next_dist_0pk4n_j._.js:776
[   74349ms] [LOG] [Fast Refresh] done in 140ms @ http://localhost:3000/_next/static/chunks/0mvo_next_dist_0pk4n_j._.js:776
[   74413ms] [LOG] [Fast Refresh] done in 140ms @ http://localhost:3000/_next/static/chunks/0mvo_next_dist_0pk4n_j._.js:776
[   74477ms] [LOG] [Fast Refresh] done in 140ms @ http://localhost:3000/_next/static/chunks/0mvo_next_dist_0pk4n_j._.js:776
[   74541ms] [LOG] [Fast Refresh] done in 140ms @ http://localhost:3000/_next/static/chunks/0mvo_next_dist_0pk4n_j._.js:776
[   74606ms] [LOG] [Fast Refresh] done in 140ms @ http://localhost:3000/_next/static/chunks/0mvo_next_dist_0pk4n_j._.js:776
[   74670ms] [LOG] [Fast Refresh] done in 140ms @ http://localhost:3000/_next/static/chunks/0mvo_next_dist_0pk4n_j._.js:776
[   74734ms] [LOG] [Fast Refresh] done in 140ms @ http://localhost:3000/_next/static/chunks/0mvo_next_dist_0pk4n_j._.js:776
[   74783ms] [LOG] [Fast Refresh] done in 140ms @ http://localhost:3000/_next/static/chunks/0mvo_next_dist_0pk4n_j._.js:776
[   74831ms] [LOG] [Fast Refresh] done in 140ms @ http://localhost:3000/_next/static/chunks/0mvo_next_dist_0pk4n_j._.js:776
[   74896ms] [LOG] [Fast Refresh] done in 140ms @ http://localhost:3000/_next/static/chunks/0mvo_next_dist_0pk4n_j._.js:776
[   74959ms] [LOG] [Fast Refresh] done in 140ms @ http://localhost:3000/_next/static/chunks/0mvo_next_dist_0pk4n_j._.js:776
[   75023ms] [LOG] [Fast Refresh] done in 140ms @ http://localhost:3000/_next/static/chunks/0mvo_next_dist_0pk4n_j._.js:776
[   75087ms] [LOG] [Fast Refresh] done in 140ms @ http://localhost:3000/_next/static/chunks/0mvo_next_dist_0pk4n_j._.js:776
[   75151ms] [LOG] [Fast Refresh] done in 140ms @ http://localhost:3000/_next/static/chunks/0mvo_next_dist_0pk4n_j._.js:776
[   75218ms] [LOG] [Fast Refresh] done in 140ms @ http://localhost:3000/_next/static/chunks/0mvo_next_dist_0pk4n_j._.js:776
[   75281ms] [LOG] [Fast Refresh] done in 140ms @ http://localhost:3000/_next/static/chunks/0mvo_next_dist_0pk4n_j._.js:776
[   75345ms] [LOG] [Fast Refresh] done in 140ms @ http://localhost:3000/_next/static/chunks/0mvo_next_dist_0pk4n_j._.js:776
[   75410ms] [LOG] [Fast Refresh] done in 140ms @ http://localhost:3000/_next/static/chunks/0mvo_next_dist_0pk4n_j._.js:776
[   75474ms] [LOG] [Fast Refresh] done in 140ms @ http://localhost:3000/_next/static/chunks/0mvo_next_dist_0pk4n_j._.js:776
[   75538ms] [LOG] [Fast Refresh] done in 140ms @ http://localhost:3000/_next/static/chunks/0mvo_next_dist_0pk4n_j._.js:776
[   75602ms] [LOG] [Fast Refresh] done in 140ms @ http://localhost:3000/_next/static/chunks/0mvo_next_dist_0pk4n_j._.js:776
[   75666ms] [LOG] [Fast Refresh] done in 140ms @ http://localhost:3000/_next/static/chunks/0mvo_next_dist_0pk4n_j._.js:776
[   75730ms] [LOG] [Fast Refresh] done in 140ms @ http://localhost:3000/_next/static/chunks/0mvo_next_dist_0pk4n_j._.js:776
[   75794ms] [LOG] [Fast Refresh] done in 140ms @ http://localhost:3000/_next/static/chunks/0mvo_next_dist_0pk4n_j._.js:776
[   75859ms] [LOG] [Fast Refresh] done in 140ms @ http://localhost:3000/_next/static/chunks/0mvo_next_dist_0pk4n_j._.js:776
[   75923ms] [LOG] [Fast Refresh] done in 140ms @ http://localhost:3000/_next/static/chunks/0mvo_next_dist_0pk4n_j._.js:776
[   75971ms] [LOG] [Fast Refresh] done in 140ms @ http://localhost:3000/_next/static/chunks/0mvo_next_dist_0pk4n_j._.js:776
[   76021ms] [LOG] [Fast Refresh] done in 140ms @ http://localhost:3000/_next/static/chunks/0mvo_next_dist_0pk4n_j._.js:776
[   76084ms] [LOG] [Fast Refresh] done in 140ms @ http://localhost:3000/_next/static/chunks/0mvo_next_dist_0pk4n_j._.js:776
[   76149ms] [LOG] [Fast Refresh] done in 140ms @ http://localhost:3000/_next/static/chunks/0mvo_next_dist_0pk4n_j._.js:776
[   76212ms] [LOG] [Fast Refresh] done in 140ms @ http://localhost:3000/_next/static/chunks/0mvo_next_dist_0pk4n_j._.js:776
[   76276ms] [LOG] [Fast Refresh] done in 140ms @ http://localhost:3000/_next/static/chunks/0mvo_next_dist_0pk4n_j._.js:776
[   76340ms] [LOG] [Fast Refresh] done in 140ms @ http://localhost:3000/_next/static/chunks/0mvo_next_dist_0pk4n_j._.js:776
[   76388ms] [LOG] [Fast Refresh] done in 140ms @ http://localhost:3000/_next/static/chunks/0mvo_next_dist_0pk4n_j._.js:776
[   76453ms] [LOG] [Fast Refresh] done in 140ms @ http://localhost:3000/_next/static/chunks/0mvo_next_dist_0pk4n_j._.js:776
[   76517ms] [LOG] [Fast Refresh] done in 140ms @ http://localhost:3000/_next/static/chunks/0mvo_next_dist_0pk4n_j._.js:776
[   76581ms] [LOG] [Fast Refresh] done in 140ms @ http://localhost:3000/_next/static/chunks/0mvo_next_dist_0pk4n_j._.js:776
[   76646ms] [LOG] [Fast Refresh] done in 140ms @ http://localhost:3000/_next/static/chunks/0mvo_next_dist_0pk4n_j._.js:776
[   76711ms] [LOG] [Fast Refresh] done in 140ms @ http://localhost:3000/_next/static/chunks/0mvo_next_dist_0pk4n_j._.js:776
[   76774ms] [LOG] [Fast Refresh] done in 140ms @ http://localhost:3000/_next/static/chunks/0mvo_next_dist_0pk4n_j._.js:776
[   76838ms] [LOG] [Fast Refresh] done in 140ms @ http://localhost:3000/_next/static/chunks/0mvo_next_dist_0pk4n_j._.js:776
[   76902ms] [LOG] [Fast Refresh] done in 140ms @ http://localhost:3000/_next/static/chunks/0mvo_next_dist_0pk4n_j._.js:776
[   76969ms] [LOG] [Fast Refresh] done in 140ms @ http://localhost:3000/_next/static/chunks/0mvo_next_dist_0pk4n_j._.js:776
[   77014ms] [LOG] [Fast Refresh] done in 140ms @ http://localhost:3000/_next/static/chunks/0mvo_next_dist_0pk4n_j._.js:776
[   77078ms] [LOG] [Fast Refresh] done in 140ms @ http://localhost:3000/_next/static/chunks/0mvo_next_dist_0pk4n_j._.js:776
[   77142ms] [LOG] [Fast Refresh] done in 140ms @ http://localhost:3000/_next/static/chunks/0mvo_next_dist_0pk4n_j._.js:776
[   77207ms] [LOG] [Fast Refresh] done in 140ms @ http://localhost:3000/_next/static/chunks/0mvo_next_dist_0pk4n_j._.js:776
[   77271ms] [LOG] [Fast Refresh] done in 140ms @ http://localhost:3000/_next/static/chunks/0mvo_next_dist_0pk4n_j._.js:776
[   77334ms] [LOG] [Fast Refresh] done in 140ms @ http://localhost:3000/_next/static/chunks/0mvo_next_dist_0pk4n_j._.js:776
[   77399ms] [LOG] [Fast Refresh] done in 140ms @ http://localhost:3000/_next/static/chunks/0mvo_next_dist_0pk4n_j._.js:776
[   77463ms] [LOG] [Fast Refresh] done in 140ms @ http://localhost:3000/_next/static/chunks/0mvo_next_dist_0pk4n_j._.js:776
[   77527ms] [LOG] [Fast Refresh] done in 140ms @ http://localhost:3000/_next/static/chunks/0mvo_next_dist_0pk4n_j._.js:776
[   77591ms] [LOG] [Fast Refresh] done in 140ms @ http://localhost:3000/_next/static/chunks/0mvo_next_dist_0pk4n_j._.js:776
[   77655ms] [LOG] [Fast Refresh] done in 140ms @ http://localhost:3000/_next/static/chunks/0mvo_next_dist_0pk4n_j._.js:776
[   77719ms] [LOG] [Fast Refresh] done in 140ms @ http://localhost:3000/_next/static/chunks/0mvo_next_dist_0pk4n_j._.js:776
[   77783ms] [LOG] [Fast Refresh] done in 140ms @ http://localhost:3000/_next/static/chunks/0mvo_next_dist_0pk4n_j._.js:776
[   77847ms] [LOG] [Fast Refresh] done in 140ms @ http://localhost:3000/_next/static/chunks/0mvo_next_dist_0pk4n_j._.js:776
[   77912ms] [LOG] [Fast Refresh] done in 140ms @ http://localhost:3000/_next/static/chunks/0mvo_next_dist_0pk4n_j._.js:776
[   77975ms] [LOG] [Fast Refresh] done in 140ms @ http://localhost:3000/_next/static/chunks/0mvo_next_dist_0pk4n_j._.js:776
[   78040ms] [LOG] [Fast Refresh] done in 140ms @ http://localhost:3000/_next/static/chunks/0mvo_next_dist_0pk4n_j._.js:776
[   78104ms] [LOG] [Fast Refresh] done in 140ms @ http://localhost:3000/_next/static/chunks/0mvo_next_dist_0pk4n_j._.js:776
[   78168ms] [LOG] [Fast Refresh] done in 140ms @ http://localhost:3000/_next/static/chunks/0mvo_next_dist_0pk4n_j._.js:776
[   78216ms] [LOG] [Fast Refresh] done in 140ms @ http://localhost:3000/_next/static/chunks/0mvo_next_dist_0pk4n_j._.js:776
[   78280ms] [LOG] [Fast Refresh] done in 140ms @ http://localhost:3000/_next/static/chunks/0mvo_next_dist_0pk4n_j._.js:776
[   78344ms] [LOG] [Fast Refresh] done in 140ms @ http://localhost:3000/_next/static/chunks/0mvo_next_dist_0pk4n_j._.js:776
[   78409ms] [LOG] [Fast Refresh] done in 140ms @ http://localhost:3000/_next/static/chunks/0mvo_next_dist_0pk4n_j._.js:776
[   78472ms] [LOG] [Fast Refresh] done in 140ms @ http://localhost:3000/_next/static/chunks/0mvo_next_dist_0pk4n_j._.js:776
[   78536ms] [LOG] [Fast Refresh] done in 140ms @ http://localhost:3000/_next/static/chunks/0mvo_next_dist_0pk4n_j._.js:776
[   78600ms] [LOG] [Fast Refresh] done in 140ms @ http://localhost:3000/_next/static/chunks/0mvo_next_dist_0pk4n_j._.js:776
[   78664ms] [LOG] [Fast Refresh] done in 140ms @ http://localhost:3000/_next/static/chunks/0mvo_next_dist_0pk4n_j._.js:776
[   78728ms] [LOG] [Fast Refresh] done in 140ms @ http://localhost:3000/_next/static/chunks/0mvo_next_dist_0pk4n_j._.js:776
[   78793ms] [LOG] [Fast Refresh] done in 140ms @ http://localhost:3000/_next/static/chunks/0mvo_next_dist_0pk4n_j._.js:776
[   78857ms] [LOG] [Fast Refresh] done in 140ms @ http://localhost:3000/_next/static/chunks/0mvo_next_dist_0pk4n_j._.js:776
[   78921ms] [LOG] [Fast Refresh] done in 140ms @ http://localhost:3000/_next/static/chunks/0mvo_next_dist_0pk4n_j._.js:776
[   78985ms] [LOG] [Fast Refresh] done in 140ms @ http://localhost:3000/_next/static/chunks/0mvo_next_dist_0pk4n_j._.js:776
[   79049ms] [LOG] [Fast Refresh] done in 140ms @ http://localhost:3000/_next/static/chunks/0mvo_next_dist_0pk4n_j._.js:776
[   79113ms] [LOG] [Fast Refresh] done in 140ms @ http://localhost:3000/_next/static/chunks/0mvo_next_dist_0pk4n_j._.js:776
[   79178ms] [LOG] [Fast Refresh] done in 140ms @ http://localhost:3000/_next/static/chunks/0mvo_next_dist_0pk4n_j._.js:776
[   79242ms] [LOG] [Fast Refresh] done in 140ms @ http://localhost:3000/_next/static/chunks/0mvo_next_dist_0pk4n_j._.js:776
[   79307ms] [LOG] [Fast Refresh] done in 140ms @ http://localhost:3000/_next/static/chunks/0mvo_next_dist_0pk4n_j._.js:776
[   79371ms] [LOG] [Fast Refresh] done in 140ms @ http://localhost:3000/_next/static/chunks/0mvo_next_dist_0pk4n_j._.js:776
[   79435ms] [LOG] [Fast Refresh] done in 140ms @ http://localhost:3000/_next/static/chunks/0mvo_next_dist_0pk4n_j._.js:776
[   79499ms] [LOG] [Fast Refresh] done in 140ms @ http://localhost:3000/_next/static/chunks/0mvo_next_dist_0pk4n_j._.js:776
[   79563ms] [LOG] [Fast Refresh] done in 140ms @ http://localhost:3000/_next/static/chunks/0mvo_next_dist_0pk4n_j._.js:776
[   79627ms] [LOG] [Fast Refresh] done in 140ms @ http://localhost:3000/_next/static/chunks/0mvo_next_dist_0pk4n_j._.js:776
[   79691ms] [LOG] [Fast Refresh] done in 140ms @ http://localhost:3000/_next/static/chunks/0mvo_next_dist_0pk4n_j._.js:776
[   79755ms] [LOG] [Fast Refresh] done in 140ms @ http://localhost:3000/_next/static/chunks/0mvo_next_dist_0pk4n_j._.js:776
[   79820ms] [LOG] [Fast Refresh] done in 140ms @ http://localhost:3000/_next/static/chunks/0mvo_next_dist_0pk4n_j._.js:776
[   79884ms] [LOG] [Fast Refresh] done in 140ms @ http://localhost:3000/_next/static/chunks/0mvo_next_dist_0pk4n_j._.js:776
[   79949ms] [LOG] [Fast Refresh] done in 140ms @ http://localhost:3000/_next/static/chunks/0mvo_next_dist_0pk4n_j._.js:776
[   80013ms] [LOG] [Fast Refresh] done in 140ms @ http://localhost:3000/_next/static/chunks/0mvo_next_dist_0pk4n_j._.js:776
[   80077ms] [LOG] [Fast Refresh] done in 140ms @ http://localhost:3000/_next/static/chunks/0mvo_next_dist_0pk4n_j._.js:776
[   80141ms] [LOG] [Fast Refresh] done in 140ms @ http://localhost:3000/_next/static/chunks/0mvo_next_dist_0pk4n_j._.js:776
[   80205ms] [LOG] [Fast Refresh] done in 140ms @ http://localhost:3000/_next/static/chunks/0mvo_next_dist_0pk4n_j._.js:776
[   80270ms] [LOG] [Fast Refresh] done in 140ms @ http://localhost:3000/_next/static/chunks/0mvo_next_dist_0pk4n_j._.js:776
[   80334ms] [LOG] [Fast Refresh] done in 140ms @ http://localhost:3000/_next/static/chunks/0mvo_next_dist_0pk4n_j._.js:776
[   80398ms] [LOG] [Fast Refresh] done in 140ms @ http://localhost:3000/_next/static/chunks/0mvo_next_dist_0pk4n_j._.js:776
[   80462ms] [LOG] [Fast Refresh] done in 140ms @ http://localhost:3000/_next/static/chunks/0mvo_next_dist_0pk4n_j._.js:776
[   80526ms] [LOG] [Fast Refresh] done in 140ms @ http://localhost:3000/_next/static/chunks/0mvo_next_dist_0pk4n_j._.js:776
[   80590ms] [LOG] [Fast Refresh] done in 140ms @ http://localhost:3000/_next/static/chunks/0mvo_next_dist_0pk4n_j._.js:776
[   80655ms] [LOG] [Fast Refresh] done in 140ms @ http://localhost:3000/_next/static/chunks/0mvo_next_dist_0pk4n_j._.js:776
[   80719ms] [LOG] [Fast Refresh] done in 140ms @ http://localhost:3000/_next/static/chunks/0mvo_next_dist_0pk4n_j._.js:776
[   80767ms] [LOG] [Fast Refresh] done in 140ms @ http://localhost:3000/_next/static/chunks/0mvo_next_dist_0pk4n_j._.js:776
[   80830ms] [LOG] [Fast Refresh] done in 140ms @ http://localhost:3000/_next/static/chunks/0mvo_next_dist_0pk4n_j._.js:776
[   80894ms] [LOG] [Fast Refresh] done in 140ms @ http://localhost:3000/_next/static/chunks/0mvo_next_dist_0pk4n_j._.js:776
[   80958ms] [LOG] [Fast Refresh] done in 140ms @ http://localhost:3000/_next/static/chunks/0mvo_next_dist_0pk4n_j._.js:776
[   81021ms] [LOG] [Fast Refresh] done in 140ms @ http://localhost:3000/_next/static/chunks/0mvo_next_dist_0pk4n_j._.js:776
[   81085ms] [LOG] [Fast Refresh] done in 140ms @ http://localhost:3000/_next/static/chunks/0mvo_next_dist_0pk4n_j._.js:776
[   81149ms] [LOG] [Fast Refresh] done in 140ms @ http://localhost:3000/_next/static/chunks/0mvo_next_dist_0pk4n_j._.js:776
[   81216ms] [LOG] [Fast Refresh] done in 140ms @ http://localhost:3000/_next/static/chunks/0mvo_next_dist_0pk4n_j._.js:776
[   81481ms] [LOG] [Fast Refresh] rebuilding @ http://localhost:3000/_next/static/chunks/0mvo_next_dist_0pk4n_j._.js:776
[   81626ms] [LOG] [Fast Refresh] done in 237ms @ http://localhost:3000/_next/static/chunks/0mvo_next_dist_0pk4n_j._.js:776
[   81831ms] [LOG] [Fast Refresh] done in 237ms @ http://localhost:3000/_next/static/chunks/0mvo_next_dist_0pk4n_j._.js:776
[   97526ms] [LOG] [Fast Refresh] rebuilding @ http://localhost:3000/_next/static/chunks/0mvo_next_dist_0pk4n_j._.js:776
[   97607ms] [LOG] [Fast Refresh] done in 149ms @ http://localhost:3000/_next/static/chunks/0mvo_next_dist_0pk4n_j._.js:776
[  108240ms] [LOG] [Fast Refresh] rebuilding @ http://localhost:3000/_next/static/chunks/0mvo_next_dist_0pk4n_j._.js:776
[  108259ms] [LOG] [Fast Refresh] done in 135ms @ http://localhost:3000/_next/static/chunks/0mvo_next_dist_0pk4n_j._.js:776
